src/controllers/authController.ts(10,14): error TS2769: No overload matches this call.
  Overload 1 of 5, '(payload: string | object | Buffer<ArrayBufferLike>, secretOrPrivateKey: null, options?: (SignOptions & { algorithm: "none"; }) | undefined): string', gave the following error.
    Argument of type 'string' is not assignable to parameter of type 'null'.
  Overload 2 of 5, '(payload: string | object | Buffer<ArrayBufferLike>, secretOrPrivateKey: Buffer<ArrayBufferLike> | Secret | JsonWebKeyInput | PrivateKeyInput, options?: SignOptions | undefined): string', gave the following error.
    Type 'string' is not assignable to type 'number | StringValue | undefined'.
  Overload 3 of 5, '(payload: string | object | Buffer<ArrayBufferLike>, secretOrPrivateKey: Buffer<ArrayBufferLike> | Secret | JsonWebKeyInput | PrivateKeyInput, callback: SignCallback): void', gave the following error.
    Object literal may only specify known properties, and 'expiresIn' does not exist in type 'SignCallback'.
src/controllers/authController.ts(18,25): error TS7030: Not all code paths return a value.
src/controllers/authController.ts(105,22): error TS7030: Not all code paths return a value.
src/controllers/authController.ts(221,30): error TS7030: Not all code paths return a value.
src/controllers/authController.ts(259,31): error TS7030: Not all code paths return a value.
src/controllers/salesController.ts(61,27): error TS7030: Not all code paths return a value.
src/controllers/salesController.ts(128,30): error TS7030: Not all code paths return a value.
src/controllers/salesController.ts(169,30): error TS7030: Not all code paths return a value.
src/controllers/salesController.ts(202,31): error TS7030: Not all code paths return a value.
src/middleware/auth.ts(13,24): error TS7030: Not all code paths return a value.
src/middleware/auth.ts(81,10): error TS7030: Not all code paths return a value.
src/middleware/validator.ts(5,25): error TS7030: Not all code paths return a value.
src/models/User.ts(97,12): error TS2790: The operand of a 'delete' operator must be optional.
